Compiling rangeQuery2dNaive.fut...
Reporting arithmetic mean runtime of at least 10 runs for each dataset (min 0.5s).
More runs automatically performed for up to 300s to ensure accurate measurement.

rangeQuery2dNaive.fut:main2 (no tuning file):
data/100_100_0.0.in:                  69μs (95% CI: [      68.7,       68.9])
data/100_100_1.0.in:                  68μs (95% CI: [      67.7,       67.9])
data/100_1000_0.0.in:                 72μs (95% CI: [      71.7,       71.9])
data/100_1000_1.0.in:                 74μs (95% CI: [      74.1,       74.7])
data/100_10000_0.0.in:                77μs (95% CI: [      76.0,       80.1])
data/100_10000_1.0.in:                76μs (95% CI: [      75.8,       75.9])
data/100_100000_0.0.in:              104μs (95% CI: [     104.4,      104.5])
data/100_100000_1.0.in:              104μs (95% CI: [     104.4,      104.6])
data/100_1000000_0.0.in:             249μs (95% CI: [     248.1,      249.1])
data/100_1000000_1.0.in:             237μs (95% CI: [     236.6,      237.2])
data/100_10000000_0.0.in:           2362μs (95% CI: [    2360.8,     2362.9])
data/100_10000000_1.0.in:           2361μs (95% CI: [    2360.5,     2362.5])
data/1000_100_0.0.in:                 53μs (95% CI: [      52.9,       53.1])
data/1000_100_1.0.in:                 56μs (95% CI: [      55.5,       55.7])
data/1000_1000_0.0.in:                80μs (95% CI: [      80.1,       80.3])
data/1000_1000_1.0.in:                80μs (95% CI: [      79.8,       79.9])
data/1000_10000_0.0.in:              114μs (95% CI: [     114.2,      114.8])
data/1000_10000_1.0.in:              119μs (95% CI: [     119.4,      119.6])
data/1000_100000_0.0.in:             246μs (95% CI: [     245.7,      246.2])
data/1000_100000_1.0.in:             244μs (95% CI: [     243.8,      244.3])
data/1000_1000000_0.0.in:           1980μs (95% CI: [    1978.9,     1980.8])
data/1000_1000000_1.0.in:           1979μs (95% CI: [    1977.9,     1979.8])
data/1000_10000000_0.0.in:         20985μs (95% CI: [   20934.1,    21020.9])
data/1000_10000000_1.0.in:         21000μs (95% CI: [   20947.6,    21034.5])
data/10000_100_0.0.in:                72μs (95% CI: [      71.7,       71.9])
data/10000_100_1.0.in:                72μs (95% CI: [      72.0,       72.2])
data/10000_1000_0.0.in:              127μs (95% CI: [     126.6,      126.8])
data/10000_1000_1.0.in:              128μs (95% CI: [     127.8,      128.0])
data/10000_10000_0.0.in:             244μs (95% CI: [     244.3,      244.6])
data/10000_10000_1.0.in:             245μs (95% CI: [     245.1,      245.4])
data/10000_100000_0.0.in:           2087μs (95% CI: [    2086.4,     2087.5])
data/10000_100000_1.0.in:           2088μs (95% CI: [    2087.4,     2089.5])
data/10000_1000000_0.0.in:         20200μs (95% CI: [   20180.2,    20216.2])
data/10000_1000000_1.0.in:         20208μs (95% CI: [   20189.7,    20225.1])
data/10000_10000000_0.0.in:       239584μs (95% CI: [  239347.3,   239691.8])
data/10000_10000000_1.0.in:       239375μs (95% CI: [  239087.1,   239604.0])
data/100000_100_0.0.in:               48μs (95% CI: [      48.0,       48.1])
data/100000_100_1.0.in:               68μs (95% CI: [      67.8,       67.9])
data/100000_1000_0.0.in:             153μs (95% CI: [     153.1,      153.4])
data/100000_1000_1.0.in:             149μs (95% CI: [     149.2,      149.6])
data/100000_10000_0.0.in:            776μs (95% CI: [     775.7,      776.1])
data/100000_10000_1.0.in:            772μs (95% CI: [     771.7,      771.9])
data/100000_100000_0.0.in:          7386μs (95% CI: [    7385.3,     7386.5])
data/100000_100000_1.0.in:          7390μs (95% CI: [    7388.3,     7394.7])
data/100000_1000000_0.0.in:        73611μs (95% CI: [   73606.9,    73613.3])
data/100000_1000000_1.0.in:        73603μs (95% CI: [   73597.2,    73610.9])
data/100000_10000000_0.0.in:     1110271μs (95% CI: [ 1109747.3,  1111104.0])
data/100000_10000000_1.0.in:     1110988μs (95% CI: [ 1110311.9,  1111690.2])
data/1000000_100_0.0.in:             161μs (95% CI: [     160.5,      161.1])
data/1000000_100_1.0.in:             133μs (95% CI: [     132.6,      132.8])
data/1000000_1000_0.0.in:            594μs (95% CI: [     593.8,      594.2])
data/1000000_1000_1.0.in:            594μs (95% CI: [     594.3,      594.7])
data/1000000_10000_0.0.in:          5725μs (95% CI: [    5696.6,     5755.7])
data/1000000_10000_1.0.in:          5711μs (95% CI: [    5692.0,     5737.3])
data/1000000_100000_0.0.in:        61130μs (95% CI: [   60840.3,    61337.2])
data/1000000_100000_1.0.in:        61136μs (95% CI: [   60882.2,    61405.6])
data/1000000_1000000_0.0.in:      625900μs (95% CI: [  625369.5,   626599.3])
data/1000000_1000000_1.0.in:      624313μs (95% CI: [  623402.4,   625366.2])
data/1000000_10000000_0.0.in:    6662529μs (95% CI: [ 6624916.7,  6715430.0])
data/1000000_10000000_1.0.in:    6667892μs (95% CI: [ 6583575.1,  6719173.1])
