Compiling rangeQuery2dPerformant.fut...
Reporting arithmetic mean runtime of at least 10 runs for each dataset (min 0.5s).
More runs automatically performed for up to 300s to ensure accurate measurement.

rangeQuery2dPerformant.fut:main2 (no tuning file):
data/100_100_0.0.in:                1492μs (95% CI: [    1490.6,     1492.7])
data/100_100_1.0.in:                1495μs (95% CI: [    1489.2,     1523.3])
data/100_1000_0.0.in:               1486μs (95% CI: [    1484.5,     1488.1])
data/100_1000_1.0.in:               1289μs (95% CI: [    1284.6,     1292.8])
data/100_10000_0.0.in:              1095μs (95% CI: [    1093.4,     1096.9])
data/100_10000_1.0.in:              1100μs (95% CI: [    1098.8,     1101.8])
data/100_100000_0.0.in:             1209μs (95% CI: [    1207.7,     1210.6])
data/100_100000_1.0.in:             1206μs (95% CI: [    1205.1,     1206.4])
data/100_1000000_0.0.in:            2746μs (95% CI: [    2744.3,     2747.1])
data/100_1000000_1.0.in:            3020μs (95% CI: [    3018.5,     3021.9])
data/100_10000000_0.0.in:          17670μs (95% CI: [   17665.8,    17674.1])
data/100_10000000_1.0.in:          16803μs (95% CI: [   16790.9,    16818.9])
data/1000_100_0.0.in:               2195μs (95% CI: [    2194.1,     2196.0])
data/1000_100_1.0.in:               2185μs (95% CI: [    2177.9,     2190.3])
data/1000_1000_0.0.in:              2213μs (95% CI: [    2211.3,     2215.3])
data/1000_1000_1.0.in:              2155μs (95% CI: [    2153.7,     2158.5])
data/1000_10000_0.0.in:             2099μs (95% CI: [    2088.1,     2111.0])
data/1000_10000_1.0.in:             1810μs (95% CI: [    1805.5,     1814.7])
data/1000_100000_0.0.in:            2512μs (95% CI: [    2510.6,     2513.9])
data/1000_100000_1.0.in:            2419μs (95% CI: [    2418.1,     2420.8])
data/1000_1000000_0.0.in:          13292μs (95% CI: [   13286.6,    13299.9])
data/1000_1000000_1.0.in:          12399μs (95% CI: [   12379.2,    12409.1])
data/1000_10000000_0.0.in:        118542μs (95% CI: [  118410.5,   118595.9])
data/1000_10000000_1.0.in:        108441μs (95% CI: [  108282.8,   108512.7])
data/10000_100_0.0.in:              3892μs (95% CI: [    3888.8,     3895.2])
data/10000_100_1.0.in:              4061μs (95% CI: [    4058.7,     4063.0])
data/10000_1000_0.0.in:             4390μs (95% CI: [    4379.5,     4399.7])
data/10000_1000_1.0.in:             4128μs (95% CI: [    4124.2,     4131.2])
data/10000_10000_0.0.in:            4661μs (95% CI: [    4656.2,     4665.0])
data/10000_10000_1.0.in:            4284μs (95% CI: [    4281.7,     4286.1])
data/10000_100000_0.0.in:           6475μs (95% CI: [    6472.4,     6478.1])
data/10000_100000_1.0.in:           5779μs (95% CI: [    5776.5,     5785.3])
data/10000_1000000_0.0.in:         93708μs (95% CI: [   91220.0,    96437.4])
data/10000_1000000_1.0.in:         60219μs (95% CI: [   57389.4,    66605.5])
data/10000_10000000_0.0.in:      1275090μs (95% CI: [ 1217824.6,  1377091.7])
data/10000_10000000_1.0.in:       683122μs (95% CI: [  648115.8,   736370.7])
data/100000_100_0.0.in:             8371μs (95% CI: [    8358.5,     8384.1])
data/100000_100_1.0.in:             8419μs (95% CI: [    8410.3,     8427.1])
data/100000_1000_0.0.in:            8677μs (95% CI: [    8664.6,     8685.5])
data/100000_1000_1.0.in:            8269μs (95% CI: [    8261.5,     8276.3])
data/100000_10000_0.0.in:           8783μs (95% CI: [    8780.6,     8785.2])
data/100000_10000_1.0.in:           8328μs (95% CI: [    8325.2,     8330.8])
data/100000_100000_0.0.in:         21831μs (95% CI: [   21573.2,    22081.6])
data/100000_100000_1.0.in:         12316μs (95% CI: [   12238.4,    12393.4])
data/100000_1000000_0.0.in:       289654μs (95% CI: [  286346.2,   291723.2])
data/100000_1000000_1.0.in:       139474μs (95% CI: [  137789.4,   141498.3])
data/100000_10000000_0.0.in:     2868201μs (95% CI: [ 2836081.7,  2898452.3])
data/100000_10000000_1.0.in:     1502487μs (95% CI: [ 1489949.2,  1519371.0])
data/1000000_100_0.0.in:           27343μs (95% CI: [   27313.8,    27362.5])
data/1000000_100_1.0.in:           27799μs (95% CI: [   27475.3,    29077.9])
data/1000000_1000_0.0.in:          27064μs (95% CI: [   27037.0,    27086.0])
data/1000000_1000_1.0.in:          25523μs (95% CI: [   25506.1,    25541.2])
data/1000000_10000_0.0.in:         21165μs (95% CI: [   21152.8,    21174.2])
data/1000000_10000_1.0.in:         20274μs (95% CI: [   20264.5,    20287.3])
data/1000000_100000_0.0.in:        64776μs (95% CI: [   64642.0,    64936.9])
data/1000000_100000_1.0.in:        39590μs (95% CI: [   39565.3,    39619.4])
data/1000000_1000000_0.0.in:      736125μs (95% CI: [  732713.5,   741150.0])
data/1000000_1000000_1.0.in:      461014μs (95% CI: [  457076.7,   466517.6])
data/1000000_10000000_0.0.in:    7724408μs (95% CI: [ 7694776.9,  7768151.2])
data/1000000_10000000_1.0.in:    4926037μs (95% CI: [ 4895014.4,  4973091.2])
