Compiling rangeQuery2dNaive.fut...
Reporting arithmetic mean runtime of at least 10 runs for each dataset (min 0.5s).
More runs automatically performed for up to 300s to ensure accurate measurement.

rangeQuery2dNaive.fut:pbbsNaive (no tuning file):
data/1M.in:                        144049μs (95% CI: [  143631.6,   144389.1])

rangeQuery2dNaive.fut:defaultNaive (no tuning file):
data/1000_1000_0.0.in:                 36μs (95% CI: [      35.9,       36.0])
data/1000_1000_0.25.in:                54μs (95% CI: [      53.6,       53.9])
data/1000_1000_0.5.in:                 53μs (95% CI: [      53.2,       53.3])
data/1000_10000_0.0.in:               113μs (95% CI: [     112.9,      113.1])
data/1000_10000_0.25.in:              107μs (95% CI: [     106.9,      107.2])
data/1000_10000_0.5.in:               100μs (95% CI: [      99.6,       99.7])
data/1000_100000_0.0.in:              420μs (95% CI: [     419.8,      420.4])
data/1000_100000_0.25.in:             413μs (95% CI: [     413.2,      413.5])
data/1000_100000_0.5.in:              413μs (95% CI: [     412.5,      413.7])
data/1000_1000000_0.0.in:            3830μs (95% CI: [    3824.1,     3834.7])
data/1000_1000000_0.25.in:           3851μs (95% CI: [    3848.3,     3853.8])
data/1000_1000000_0.5.in:            3851μs (95% CI: [    3847.9,     3853.6])
data/1000_10000000_0.0.in:          43176μs (95% CI: [   41210.6,    47072.2])
data/1000_10000000_0.25.in:         41113μs (95% CI: [   41064.5,    41169.4])
data/1000_10000000_0.5.in:          41090μs (95% CI: [   41032.4,    41146.5])
data/10000_1000_0.0.in:                86μs (95% CI: [      86.0,       87.2])
data/10000_1000_0.25.in:               87μs (95% CI: [      86.8,       86.9])
data/10000_1000_0.5.in:               121μs (95% CI: [     120.8,      121.3])
data/10000_10000_0.0.in:             2608μs (95% CI: [    2603.7,     2611.3])
data/10000_10000_0.25.in:             406μs (95% CI: [     406.0,      406.3])
data/10000_10000_0.5.in:              405μs (95% CI: [     404.7,      404.9])
data/10000_100000_0.0.in:            3972μs (95% CI: [    3968.3,     3976.1])
data/10000_100000_0.25.in:          12679μs (95% CI: [   12634.6,    12706.5])
data/10000_100000_0.5.in:           12719μs (95% CI: [   12674.5,    12745.2])
data/10000_1000000_0.0.in:         130579μs (95% CI: [  129197.1,   132944.3])
data/10000_1000000_0.25.in:         39773μs (95% CI: [   39537.7,    40005.8])
data/10000_1000000_0.5.in:          39733μs (95% CI: [   39575.5,    39864.5])
data/10000_10000000_0.0.in:        468907μs (95% CI: [  468559.0,   469357.8])
data/10000_10000000_0.25.in:       973462μs (95% CI: [  849168.0,  1325999.8])
data/10000_10000000_0.5.in:        469382μs (95% CI: [  468682.2,   470227.4])
data/100000_1000_0.0.in:              142μs (95% CI: [     142.3,      142.4])
data/100000_1000_0.25.in:             143μs (95% CI: [     142.5,      142.5])
data/100000_1000_0.5.in:              142μs (95% CI: [     142.4,      142.5])
data/100000_10000_0.0.in:            1201μs (95% CI: [    1200.5,     1200.8])
data/100000_10000_0.25.in:           1200μs (95% CI: [    1199.7,     1200.0])
data/100000_10000_0.5.in:            1200μs (95% CI: [    1200.1,     1200.4])
data/100000_100000_0.0.in:          11765μs (95% CI: [   11764.3,    11767.4])
data/100000_100000_0.25.in:         11765μs (95% CI: [   11764.3,    11766.7])
data/100000_100000_0.5.in:          11764μs (95% CI: [   11762.8,    11765.6])
data/100000_1000000_0.0.in:        118758μs (95% CI: [  118230.8,   119046.4])
data/100000_1000000_0.25.in:       385095μs (95% CI: [  382458.1,   386542.1])
data/100000_1000000_0.5.in:        384482μs (95% CI: [  383118.0,   385691.0])
data/100000_10000000_0.0.in:      1381170μs (95% CI: [ 1381157.6,  1381181.3])
data/100000_10000000_0.25.in:     1381220μs (95% CI: [ 1381199.6,  1381248.7])
data/100000_10000000_0.5.in:      1541070μs (95% CI: [ 1395568.5,  1814076.3])
data/1000000_1000_0.0.in:            1123μs (95% CI: [    1121.8,     1123.3])
data/1000000_1000_0.25.in:           1117μs (95% CI: [    1116.6,     1117.8])
data/1000000_1000_0.5.in:            1119μs (95% CI: [    1118.1,     1119.3])
data/1000000_10000_0.0.in:          11360μs (95% CI: [   11331.4,    11384.2])
data/1000000_10000_0.25.in:         11318μs (95% CI: [   11280.6,    11349.5])
data/1000000_10000_0.5.in:          11305μs (95% CI: [   11284.1,    11331.3])
data/1000000_100000_0.0.in:        115574μs (95% CI: [  112344.7,   127876.9])
data/1000000_100000_0.25.in:       113848μs (95% CI: [  112551.3,   117144.4])
data/1000000_100000_0.5.in:        115424μs (95% CI: [  112230.0,   127892.5])
data/1000000_1000000_0.0.in:      1138622μs (95% CI: [ 1136822.1,  1140911.1])
data/1000000_1000000_0.25.in:     1141333μs (95% CI: [ 1139887.8,  1142676.9])
data/1000000_1000000_0.5.in:      1143617μs (95% CI: [ 1141778.9,  1145615.9])
data/1000000_10000000_0.0.in:    14136440μs (95% CI: [14091995.2, 14180434.8])
data/1000000_10000000_0.25.in:   14055715μs (95% CI: [13986473.2, 14114788.0])
data/1000000_10000000_0.5.in:    14129131μs (95% CI: [14051446.6, 14178837.9])
