Compiling rangeQuery2dPerformant.fut...
Reporting arithmetic mean runtime of at least 10 runs for each dataset (min 0.5s).
More runs automatically performed for up to 300s to ensure accurate measurement.

rangeQuery2dPerformant.fut:main2 (no tuning file):
data/1000_1000_0.0.in:               2094μs (95% CI: [    2092.8,     2095.3])
data/1000_1000_0.25.in:              1867μs (95% CI: [    1857.4,     1912.9])
data/1000_1000_0.5.in:               1898μs (95% CI: [    1895.7,     1905.3])
data/1000_10000_0.0.in:              2092μs (95% CI: [    2091.0,     2094.9])
data/1000_10000_0.25.in:             1847μs (95% CI: [    1845.8,     1847.3])
data/1000_10000_0.5.in:              1929μs (95% CI: [    1928.4,     1930.1])
data/1000_100000_0.0.in:             2509μs (95% CI: [    2502.9,     2515.6])
data/1000_100000_0.25.in:            1840μs (95% CI: [    1838.7,     1841.2])
data/1000_100000_0.5.in:             1907μs (95% CI: [    1906.5,     1908.1])
data/1000_1000000_0.0.in:           13032μs (95% CI: [   13010.0,    13047.1])
data/1000_1000000_0.25.in:           8080μs (95% CI: [    8074.7,     8086.6])
data/1000_1000000_0.5.in:            8792μs (95% CI: [    8786.8,     8798.1])
data/1000_10000000_0.0.in:         112890μs (95% CI: [  112238.0,   114685.2])
data/1000_10000000_0.25.in:         69169μs (95% CI: [   69135.7,    69243.4])
data/1000_10000000_0.5.in:          70646μs (95% CI: [   70601.4,    70697.2])
data/10000_1000_0.0.in:              4151μs (95% CI: [    4138.2,     4163.3])
data/10000_1000_0.25.in:             4017μs (95% CI: [    4013.9,     4021.4])
data/10000_1000_0.5.in:              3377μs (95% CI: [    3364.0,     3438.1])
data/10000_10000_0.0.in:             4794μs (95% CI: [    4779.6,     4808.2])
data/10000_10000_0.25.in:            3847μs (95% CI: [    3838.0,     3856.9])
data/10000_10000_0.5.in:             3116μs (95% CI: [    3114.0,     3119.5])
data/10000_100000_0.0.in:            6301μs (95% CI: [    6298.1,     6304.8])
data/10000_100000_0.25.in:           5649μs (95% CI: [    5643.4,     5653.5])
data/10000_100000_0.5.in:            7008μs (95% CI: [    6995.2,     7024.2])
data/10000_1000000_0.0.in:          68487μs (95% CI: [   66464.2,    72125.1])
data/10000_1000000_0.25.in:         52231μs (95% CI: [   50398.1,    55011.3])
data/10000_1000000_0.5.in:          27921μs (95% CI: [   27485.4,    28982.5])
data/10000_10000000_0.0.in:        850694μs (95% CI: [  807344.4,   918325.4])
data/10000_10000000_0.25.in:       556179μs (95% CI: [  531842.6,   597100.7])
data/10000_10000000_0.5.in:        263366μs (95% CI: [  261504.6,   267895.3])
data/100000_1000_0.0.in:             8124μs (95% CI: [    8118.4,     8128.0])
data/100000_1000_0.25.in:            7376μs (95% CI: [    7365.8,     7388.0])
data/100000_1000_0.5.in:             6650μs (95% CI: [    6645.9,     6655.1])
data/100000_10000_0.0.in:            8409μs (95% CI: [    8406.4,     8411.9])
data/100000_10000_0.25.in:           7657μs (95% CI: [    7652.7,     7662.0])
data/100000_10000_0.5.in:            6860μs (95% CI: [    6855.3,     6864.9])
data/100000_100000_0.0.in:          14876μs (95% CI: [   14756.6,    15010.7])
data/100000_100000_0.25.in:         11056μs (95% CI: [   10985.6,    11138.3])
data/100000_100000_0.5.in:           8236μs (95% CI: [    8213.2,     8269.5])
data/100000_1000000_0.0.in:        180408μs (95% CI: [  177059.8,   184929.8])
data/100000_1000000_0.25.in:       133464μs (95% CI: [  132649.0,   134318.2])
data/100000_1000000_0.5.in:        107203μs (95% CI: [  105647.3,   109069.0])
data/100000_10000000_0.0.in:      1892658μs (95% CI: [ 1884058.7,  1907446.8])
data/100000_10000000_0.25.in:     1360843μs (95% CI: [ 1332033.6,  1397565.6])
data/100000_10000000_0.5.in:       840598μs (95% CI: [  826843.2,   858503.6])
data/1000000_1000_0.0.in:           26293μs (95% CI: [   26267.1,    26312.5])
data/1000000_1000_0.25.in:          24423μs (95% CI: [   24404.0,    24442.9])
data/1000000_1000_0.5.in:           21790μs (95% CI: [   21770.4,    21814.7])
data/1000000_10000_0.0.in:          20979μs (95% CI: [   20967.9,    21007.8])
data/1000000_10000_0.25.in:         19739μs (95% CI: [   19719.8,    19759.4])
data/1000000_10000_0.5.in:          18763μs (95% CI: [   18740.1,    18780.3])
data/1000000_100000_0.0.in:         47190μs (95% CI: [   47113.5,    47266.2])
data/1000000_100000_0.25.in:        35206μs (95% CI: [   35151.8,    35274.0])
data/1000000_100000_0.5.in:         26173μs (95% CI: [   26157.2,    26187.8])
data/1000000_1000000_0.0.in:       550705μs (95% CI: [  546700.7,   556491.8])
data/1000000_1000000_0.25.in:      398844μs (95% CI: [  395740.9,   403170.9])
data/1000000_1000000_0.5.in:       260399μs (95% CI: [  258463.0,   263460.0])
data/1000000_10000000_0.0.in:     5827616μs (95% CI: [ 5796654.8,  5874330.8])
data/1000000_10000000_0.25.in:    4328104μs (95% CI: [ 4300857.0,  4368536.8])
data/1000000_10000000_0.5.in:     2765305μs (95% CI: [ 2744305.4,  2796690.5])
